../Core/Src/main.c:83:6:HAL_CAN_RxFifo0MsgPendingCallback	7
../Core/Src/main.c:136:5:main	10
../Core/Src/main.c:305:6:SystemClock_Config	3
../Core/Src/main.c:351:13:MX_CAN1_Init	3
../Core/Src/main.c:404:13:MX_I2C2_Init	2
../Core/Src/main.c:438:13:MX_TIM4_Init	5
../Core/Src/main.c:491:13:MX_USART2_UART_Init	2
../Core/Src/main.c:524:13:MX_GPIO_Init	1
../Core/Src/main.c:559:10:angle_to_pulse	1
../Core/Src/main.c:564:7:Servo1_SetAngle	1
../Core/Src/main.c:569:7:Servo2_SetAngle	1
../Core/Src/main.c:580:6:Error_Handler	1
