../Core/Src/main.c:83:6:HAL_CAN_RxFifo0MsgPendingCallback	16	static
../Core/Src/main.c:136:5:main	16	static
../Core/Src/main.c:305:6:SystemClock_Config	88	static
../Core/Src/main.c:351:13:MX_CAN1_Init	48	static
../Core/Src/main.c:404:13:MX_I2C2_Init	8	static
../Core/Src/main.c:438:13:MX_TIM4_Init	48	static
../Core/Src/main.c:491:13:MX_USART2_UART_Init	8	static
../Core/Src/main.c:524:13:MX_GPIO_Init	48	static
../Core/Src/main.c:559:10:angle_to_pulse	16	static
../Core/Src/main.c:564:7:Servo1_SetAngle	16	static
../Core/Src/main.c:569:7:Servo2_SetAngle	16	static
../Core/Src/main.c:580:6:Error_Handler	4	static,ignoring_inline_asm
