../Core/Src/main.c:92:6:HCSR04_Trigger1	8	static
../Core/Src/main.c:105:6:HCSR04_Trigger2	8	static
../Core/Src/main.c:123:5:main	56	static
../Core/Src/main.c:239:6:SystemClock_Config	88	static
../Core/Src/main.c:285:13:MX_CAN1_Init	8	static
../Core/Src/main.c:322:13:MX_TIM2_Init	32	static
../Core/Src/main.c:374:13:MX_USART2_UART_Init	8	static
../Core/Src/main.c:407:13:MX_GPIO_Init	48	static
../Core/Src/main.c:446:6:HAL_TIM_IC_CaptureCallback	16	static
../Core/Src/main.c:517:6:Error_Handler	4	static,ignoring_inline_asm
